interactions:
- request:
    body: '{"createTokenWithScopes": ["chat"], "expiresInMinutes": null}'
    headers:
      Accept:
      - application/json
      Accept-Encoding:
      - gzip, deflate
      Connection:
      - keep-alive
      Content-Length:
      - '61'
      Content-Type:
      - application/json
      User-Agent:
      - azsdk-python-communication-identity/1.3.1 Python/3.10.8 (Windows-10-10.0.22621-SP0)
      x-ms-content-sha256:
      - RgFKX8sq6gKDc377EdeILf3jgzCijxLOR8s04qluHkc=
      x-ms-date:
      - Wed, 16 Nov 2022 04:42:43 GMT
      x-ms-return-client-request-id:
      - 'true'
    method: POST
    uri: https://sanitized.communication.azure.com/identities?api-version=2022-10-01
  response:
    body:
      string: '{"identity": {"id": "sanitized"}, "accessToken": {"token": "sanitized",
        "expiresOn": "2022-11-17T04:42:44.4139318+00:00"}}'
    headers:
      api-supported-versions:
      - 2020-07-20-preview2, 2021-02-22-preview1, 2021-03-07, 2021-10-31-preview,
        2021-11-01, 2022-06-01, 2022-10-01
      content-length:
      - '122'
      content-type:
      - application/json; charset=utf-8
      date:
      - Wed, 16 Nov 2022 04:42:44 GMT
      ms-cv:
      - MxFzx76YDUa2El8tq8KZuw.0
      request-context:
      - appId=
      strict-transport-security:
      - max-age=2592000
      x-azure-ref:
      - 0RGp0YwAAAAAYD2BwF1DXRr7Qd0APsz4cWVZSMzExMDAwMTE1MDMxADlmYzdiNTE5LWE4Y2MtNGY4OS05MzVlLWM5MTQ4YWUwOWU4MQ==
      x-cache:
      - CONFIG_NOCACHE
      x-processing-time:
      - 138ms
    status:
      code: 201
      message: Created
- request:
    body: '{"topic": "yet-another-topic", "participants": []}'
    headers:
      Accept:
      - application/json
      Accept-Encoding:
      - gzip, deflate
      Connection:
      - keep-alive
      Content-Length:
      - '50'
      Content-Type:
      - application/json
      User-Agent:
      - azsdk-python-communication-chat/1.1.0 Python/3.10.8 (Windows-10-10.0.22621-SP0)
      repeatability-request-id:
      - 7902ae3a-456b-4f93-87b2-660f4dcc3593
    method: POST
    uri: https://sanitized.communication.azure.com/chat/threads?api-version=2021-09-07
  response:
    body:
      string: '{"chatThread": {"id": "sanitized", "topic": "yet-another-topic", "createdOn":
        "2022-11-16T04:42:45Z", "createdByCommunicationIdentifier": {"rawId": "sanitized",
        "communicationUser": {"id": "sanitized"}}}}'
    headers:
      api-supported-versions:
      - 2021-03-07, 2021-04-05-preview6, 2021-09-07, 2022-11-15-preview8
      content-length:
      - '204'
      content-type:
      - application/json; charset=utf-8
      date:
      - Wed, 16 Nov 2022 04:42:45 GMT
      location:
      - https://clitest000002.communication.azure.com/chat/threads/19%3AMDi8exZfVHCL7_2ahrRISupZRsAAPfpbAV8ynaxWsbY1@thread.v2
      ms-cv:
      - 36hcVg7FOUqGA/oZvIroIA.0
      strict-transport-security:
      - max-age=2592000
      x-azure-ref:
      - 0RWp0YwAAAAA3s14+zWfsTJPl5U6NmueRWVZSMzExMDAwMTE2MDI1ADlmYzdiNTE5LWE4Y2MtNGY4OS05MzVlLWM5MTQ4YWUwOWU4MQ==
      x-cache:
      - CONFIG_NOCACHE
      x-processing-time:
      - 636ms
    status:
      code: 201
      message: Created
- request:
    body: '{"content": "Hello!", "type": "text"}'
    headers:
      Accept:
      - application/json
      Accept-Encoding:
      - gzip, deflate
      Connection:
      - keep-alive
      Content-Length:
      - '37'
      Content-Type:
      - application/json
      User-Agent:
      - azsdk-python-communication-chat/1.1.0 Python/3.10.8 (Windows-10-10.0.22621-SP0)
    method: POST
    uri: https://sanitized.communication.azure.com/chat/threads/sanitized/messages?api-version=2021-09-07
  response:
    body:
      string: '{"id": "sanitized"}'
    headers:
      api-supported-versions:
      - 2021-03-07, 2021-04-05-preview6, 2021-09-07, 2022-11-15-preview8
      content-length:
      - '19'
      content-type:
      - application/json; charset=utf-8
      date:
      - Wed, 16 Nov 2022 04:42:46 GMT
      location:
      - https://clitest000002.communication.azure.com/chat/threads/19%3AMDi8exZfVHCL7_2ahrRISupZRsAAPfpbAV8ynaxWsbY1@thread.v2/messages/1668573766291
      ms-cv:
      - SDlq5AbJyUujWITza1YoWw.0
      strict-transport-security:
      - max-age=2592000
      x-azure-ref:
      - 0Rmp0YwAAAABTkZ2z+PvgQZjmt0aNyJ3cWVZSMzBFREdFMDMwOAA5ZmM3YjUxOS1hOGNjLTRmODktOTM1ZS1jOTE0OGFlMDllODE=
      x-cache:
      - CONFIG_NOCACHE
      x-processing-time:
      - 175ms
    status:
      code: 201
      message: Created
version: 1
